ASxxxx Linker V03.00 + NoICE + sdld,  page 1.
Hexadecimal  [32-Bits]

Area                                    Addr        Size        Decimal Bytes (Attributes)
--------------------------------        ----        ----        ------- ----- ------------
CABS                                00000000    00000000 =           0. bytes (ABS,CON,CODE)

      Value  Global                              Global Defined In Module
      -----  --------------------------------   ------------------------
C:   00000000  l_CABS                          
C:   00000000  l_GSINIT1                       
C:   00000000  l_GSINIT3                       
C:   00000000  l_GSINIT5                       
C:   00000000  l_IABS                          
C:   00000000  l_PSEG                          
C:   00000000  l_REG_BANK_2                    
C:   00000000  l_REG_BANK_3                    
C:   00000000  l_RSEG                          
C:   00000000  l_RSEG0                         
C:   00000000  l_RSEG1                         
C:   00000000  l_XABS                          
C:   00000000  l_XINIT                         
C:   00000000  l_XISEG                         
C:   00000000  l__CODE                         
C:   00000000  s_BSEG                          
C:   00000000  s_CABS                          
C:   00000000  s_DSEG                          
C:   00000000  s_HOME                          
C:   00000000  s_IABS                          
C:   00000000  s_REG_BANK_0                    
C:   00000000  s_RSEG                          
C:   00000000  s_RSEG0                         
C:   00000000  s_RSEG1                         
C:   00000000  s_XABS                          
C:   00000001  l_BIT_BANK                      
C:   00000001  l_BSEG_BYTES                    
C:   00000001  s_PSEG                          
C:   00000001  s_XSEG                          
C:   00000003  l_GSFINAL                       
C:   00000003  l_GSINIT0                       
C:   00000004  l_OSEG                          
C:   00000006  l_GSINIT4                       
C:   00000006  l_ISEG                          
C:   00000008  l_BSEG                          
C:   00000008  l_REG_BANK_0                    
C:   00000008  l_REG_BANK_1                    
C:   00000008  s_REG_BANK_1                    
C:   0000000A  l_GSINIT2                       
C:   00000010  s_REG_BANK_2                    
C:   00000018  s_REG_BANK_3                    
C:   0000001A  s_OSEG                          
C:   00000020  s_BSEG_BYTES                    
C:   00000020  s__CODE                         
C:   00000021  s_BIT_BANK                      
C:   0000007D  l_SSEG                          
C:   0000007D  s_ISEG                          
C:   0000007E  l_DSEG                          
C:   00000081  l_HOME                          
C:   00000081  s_GSINIT0                       
ASxxxx Linker V03.00 + NoICE + sdld,  page 2.
Hexadecimal  [32-Bits]

Area                                    Addr        Size        Decimal Bytes (Attributes)
--------------------------------        ----        ----        ------- ----- ------------
CABS                                00000000    00000000 =           0. bytes (ABS,CON,CODE)

      Value  Global                              Global Defined In Module
      -----  --------------------------------   ------------------------
C:   00000083  s_SSEG                          
C:   00000084  s_GSINIT1                       
C:   00000084  s_GSINIT2                       
C:   0000008E  s_GSINIT3                       
C:   0000008E  s_GSINIT4                       
C:   00000094  s_GSINIT                        
C:   00000094  s_GSINIT5                       
C:   00000100  l_IRAM                          
C:   000001D3  l_XSEG                          
C:   000001D4  s_XISEG                         
C:   00000466  l_GSINIT                        
C:   000004FA  s_GSFINAL                       
C:   000004FD  s_CSEG                          
C:   00000895  l_CONST                         
C:   0000384B  l_CSEG                          
C:   00003D48  s_CONST                         
C:   000045DD  s_XINIT                         

ASxxxx Linker V03.00 + NoICE + sdld,  page 3.
Hexadecimal  [32-Bits]

Area                                    Addr        Size        Decimal Bytes (Attributes)
--------------------------------        ----        ----        ------- ----- ------------
.  .ABS.                            00000000    00000000 =           0. bytes (ABS,CON)

      Value  Global                              Global Defined In Module
      -----  --------------------------------   ------------------------
     00000000  .__.ABS.                           _gptrget
     00000080  _MOSI                              uart
     00000080  _P0                                uart
     00000080  _P00                               uart
     00000081  _MISO                              uart
     00000081  _P01                               uart
     00000081  _SP                                uart
     00000082  _DPL                               uart
     00000082  _P02                               uart
     00000082  _RXD_1                             uart
     00000083  _DPH                               uart
     00000083  _P03                               uart
     00000084  _P04                               uart
     00000084  _RCTRIM0                           uart
     00000084  _STADC                             uart
     00000085  _P05                               uart
     00000085  _RCTRIM1                           uart
     00000086  _P06                               uart
     00000086  _RWK                               uart
     00000086  _TXD                               uart
     00000087  _P07                               uart
     00000087  _PCON                              uart
     00000087  _RXD                               uart
     00000088  _IT0                               uart
     00000088  _TCON                              uart
     00000089  _IE0                               uart
     00000089  _TMOD                              uart
     0000008A  _IT1                               uart
     0000008A  _TL0                               uart
     0000008B  _IE1                               uart
     0000008B  _TL1                               uart
     0000008C  _TH0                               uart
     0000008C  _TR0                               uart
     0000008D  _TF0                               uart
     0000008D  _TH1                               uart
     0000008E  _CKCON                             uart
     0000008E  _TR1                               uart
     0000008F  _TF1                               uart
     0000008F  _WKCON                             uart
     00000090  _P1                                uart
     00000090  _P10                               uart
     00000091  _P11                               uart
     00000091  _SFRS                              uart
     00000092  _CAPCON0                           uart
     00000092  _P12                               uart
     00000093  _CAPCON1                           uart
     00000093  _P13                               uart
     00000093  _SCL                               uart
     00000094  _CAPCON2                           uart
     00000094  _P14                               uart
ASxxxx Linker V03.00 + NoICE + sdld,  page 4.
Hexadecimal  [32-Bits]

Area                                    Addr        Size        Decimal Bytes (Attributes)
--------------------------------        ----        ----        ------- ----- ------------
.  .ABS.                            00000000    00000000 =           0. bytes (ABS,CON)

      Value  Global                              Global Defined In Module
      -----  --------------------------------   ------------------------
     00000094  _SDA                               uart
     00000095  _CKDIV                             uart
     00000095  _P15                               uart
     00000096  _CKSWT                             uart
     00000096  _P16                               uart
     00000096  _TXD_1                             uart
     00000097  _CKEN                              uart
     00000097  _P17                               uart
     00000098  _RI                                uart
     00000098  _SCON                              uart
     00000099  _SBUF                              uart
     00000099  _TI                                uart
     0000009A  _RB8                               uart
     0000009A  _SBUF_1                            uart
     0000009B  _EIE                               uart
     0000009B  _TB8                               uart
     0000009C  _EIE1                              uart
     0000009C  _REN                               uart
     0000009D  _SM2                               uart
     0000009E  _SM1                               uart
     0000009F  _CHPCON                            uart
     0000009F  _FE                                uart
     0000009F  _SM0                               uart
     000000A0  _P2                                uart
     000000A0  _P20                               uart
     000000A2  _AUXR1                             uart
     000000A3  _BODCON0                           uart
     000000A4  _IAPTRG                            uart
     000000A5  _IAPUEN                            uart
     000000A6  _IAPAL                             uart
     000000A7  _IAPAH                             uart
     000000A8  _EX0                               uart
     000000A8  _IE                                uart
     000000A9  _ET0                               uart
     000000A9  _SADDR                             uart
     000000AA  _EX1                               uart
     000000AA  _WDCON                             uart
     000000AB  _BODCON1                           uart
     000000AB  _ET1                               uart
     000000AC  _ES                                uart
     000000AC  _P3M1                              uart
     000000AC  _P3S                               uart
     000000AD  _EBOD                              uart
     000000AD  _P3M2                              uart
     000000AD  _P3SR                              uart
     000000AE  _EADC                              uart
     000000AE  _IAPFD                             uart
     000000AF  _EA                                uart
     000000AF  _IAPCN                             uart
     000000B0  _P3                                uart
     000000B0  _P30                               uart
ASxxxx Linker V03.00 + NoICE + sdld,  page 5.
Hexadecimal  [32-Bits]

Area                                    Addr        Size        Decimal Bytes (Attributes)
--------------------------------        ----        ----        ------- ----- ------------
.  .ABS.                            00000000    00000000 =           0. bytes (ABS,CON)

      Value  Global                              Global Defined In Module
      -----  --------------------------------   ------------------------
     000000B1  _P0M1                              uart
     000000B1  _P0S                               uart
     000000B2  _P0M2                              uart
     000000B2  _P0SR                              uart
     000000B3  _P1M1                              uart
     000000B3  _P1S                               uart
     000000B4  _P1M2                              uart
     000000B4  _P1SR                              uart
     000000B5  _P2S                               uart
     000000B7  _IPH                               uart
     000000B7  _PWMINTC                           uart
     000000B8  _IP                                uart
     000000B8  _PX0                               uart
     000000B9  _PT0                               uart
     000000B9  _SADEN                             uart
     000000BA  _PX1                               uart
     000000BA  _SADEN_1                           uart
     000000BB  _PT1                               uart
     000000BB  _SADDR_1                           uart
     000000BC  _I2DAT                             uart
     000000BC  _PS                                uart
     000000BD  _I2STAT                            uart
     000000BD  _PBOD                              uart
     000000BE  _I2CLK                             uart
     000000BE  _PADC                              uart
     000000BF  _I2TOC                             uart
     000000C0  _I2CON                             uart
     000000C0  _I2CPX                             uart
     000000C1  _I2ADDR                            uart
     000000C2  _AA                                uart
     000000C2  _ADCRL                             uart
     000000C3  _ADCRH                             uart
     000000C3  _SI                                uart
     000000C4  _PWM4H                             uart
     000000C4  _STO                               uart
     000000C4  _T3CON                             uart
     000000C5  _PWM5H                             uart
     000000C5  _RL3                               uart
     000000C5  _STA                               uart
     000000C6  _I2CEN                             uart
     000000C6  _PIOCON1                           uart
     000000C6  _RH3                               uart
     000000C7  _TA                                uart
     000000C8  _CM_RL2                            uart
     000000C8  _T2CON                             uart
     000000C9  _T2MOD                             uart
     000000CA  _RCMP2L                            uart
     000000CA  _TR2                               uart
     000000CB  _RCMP2H                            uart
     000000CC  _PWM4L                             uart
     000000CC  _TL2                               uart
ASxxxx Linker V03.00 + NoICE + sdld,  page 6.
Hexadecimal  [32-Bits]

Area                                    Addr        Size        Decimal Bytes (Attributes)
--------------------------------        ----        ----        ------- ----- ------------
.  .ABS.                            00000000    00000000 =           0. bytes (ABS,CON)

      Value  Global                              Global Defined In Module
      -----  --------------------------------   ------------------------
     000000CD  _PWM5L                             uart
     000000CD  _TH2                               uart
     000000CE  _ADCMPL                            uart
     000000CF  _ADCMPH                            uart
     000000CF  _TF2                               uart
     000000D0  _P                                 uart
     000000D0  _PSW                               uart
     000000D1  _PWMPH                             uart
     000000D2  _OV                                uart
     000000D2  _PWM0H                             uart
     000000D3  _PWM1H                             uart
     000000D3  _RS0                               uart
     000000D4  _PWM2H                             uart
     000000D4  _RS1                               uart
     000000D5  _F0                                uart
     000000D5  _PWM3H                             uart
     000000D6  _AC                                uart
     000000D6  _PNP                               uart
     000000D7  _CY                                uart
     000000D7  _FBD                               uart
     000000D8  _PWMCON0                           uart
     000000D9  _PWMPL                             uart
     000000DA  _PWM0L                             uart
     000000DB  _PWM1L                             uart
     000000DC  _CLRPWM                            uart
     000000DC  _PWM2L                             uart
     000000DD  _PWM3L                             uart
     000000DD  _PWMF                              uart
     000000DE  _LOAD                              uart
     000000DE  _PIOCON0                           uart
     000000DF  _PWMCON1                           uart
     000000DF  _PWMRUN                            uart
     000000E0  _ACC                               uart
     000000E1  _ADCCON1                           uart
     000000E2  _ADCCON2                           uart
     000000E3  _ADCDLY                            uart
     000000E4  _C0L                               uart
     000000E5  _C0H                               uart
     000000E6  _C1L                               uart
     000000E7  _C1H                               uart
     000000E8  _ADCCON0                           uart
     000000E8  _ADCHS0                            uart
     000000E9  _ADCHS1                            uart
     000000E9  _PICON                             uart
     000000EA  _ADCHS2                            uart
     000000EA  _PINEN                             uart
     000000EB  _ADCHS3                            uart
     000000EB  _PIPEN                             uart
     000000EC  _ETGSEL0                           uart
     000000EC  _PIF                               uart
     000000ED  _C2L                               uart
ASxxxx Linker V03.00 + NoICE + sdld,  page 7.
Hexadecimal  [32-Bits]

Area                                    Addr        Size        Decimal Bytes (Attributes)
--------------------------------        ----        ----        ------- ----- ------------
.  .ABS.                            00000000    00000000 =           0. bytes (ABS,CON)

      Value  Global                              Global Defined In Module
      -----  --------------------------------   ------------------------
     000000ED  _ETGSEL1                           uart
     000000EE  _ADCS                              uart
     000000EE  _C2H                               uart
     000000EF  _ADCF                              uart
     000000EF  _EIP                               uart
     000000F0  _B                                 uart
     000000F1  _CAPCON3                           uart
     000000F2  _CAPCON4                           uart
     000000F3  _SPCR                              uart
     000000F3  _SPCR2                             uart
     000000F4  _SPSR                              uart
     000000F5  _B_5                               _gptrget
     000000F5  _SPDR                              uart
     000000F6  _AINDIDS                           uart
     000000F6  _B_6                               _gptrget
     000000F7  _B_7                               _gptrget
     000000F7  _EIPH                              uart
     000000F8  _RI_1                              uart
     000000F8  _SCON_1                            uart
     000000F9  _PDTEN                             uart
     000000F9  _TI_1                              uart
     000000FA  _PDTCNT                            uart
     000000FA  _RB8_1                             uart
     000000FB  _PMEN                              uart
     000000FB  _TB8_1                             uart
     000000FC  _PMD                               uart
     000000FC  _REN_1                             uart
     000000FD  _SM2_1                             uart
     000000FE  _EIP1                              uart
     000000FE  _SM1_1                             uart
     000000FF  _EIPH1                             uart
     000000FF  _FE_1                              uart
     000000FF  _SM0_1                             uart

ASxxxx Linker V03.00 + NoICE + sdld,  page 8.
Hexadecimal  [32-Bits]

Area                                    Addr        Size        Decimal Bytes (Attributes)
--------------------------------        ----        ----        ------- ----- ------------
BSEG_BYTES                          00000020    00000001 =           1. bytes (REL,CON)

      Value  Global                              Global Defined In Module
      -----  --------------------------------   ------------------------
ASxxxx Linker V03.00 + NoICE + sdld,  page 9.
Hexadecimal  [32-Bits]

Area                                    Addr        Size        Decimal Bytes (Attributes)
--------------------------------        ----        ----        ------- ----- ------------
REG_BANK_0                          00000000    00000008 =           8. bytes (REL,OVR)

      Value  Global                              Global Defined In Module
      -----  --------------------------------   ------------------------
ASxxxx Linker V03.00 + NoICE + sdld,  page 10.
Hexadecimal  [32-Bits]

Area                                    Addr        Size        Decimal Bytes (Attributes)
--------------------------------        ----        ----        ------- ----- ------------
REG_BANK_1                          00000008    00000008 =           8. bytes (REL,OVR)

      Value  Global                              Global Defined In Module
      -----  --------------------------------   ------------------------
ASxxxx Linker V03.00 + NoICE + sdld,  page 11.
Hexadecimal  [32-Bits]

Area                                    Addr        Size        Decimal Bytes (Attributes)
--------------------------------        ----        ----        ------- ----- ------------
BIT_BANK                            00000021    00000001 =           1. bytes (REL,OVR)

      Value  Global                              Global Defined In Module
      -----  --------------------------------   ------------------------
ASxxxx Linker V03.00 + NoICE + sdld,  page 12.
Hexadecimal  [32-Bits]

Area                                    Addr        Size        Decimal Bytes (Attributes)
--------------------------------        ----        ----        ------- ----- ------------
DSEG                                00000000    0000007E =         126. bytes (REL,CON)

      Value  Global                              Global Defined In Module
      -----  --------------------------------   ------------------------
     00000010  _Write_APROM_BYTE_PARM_2           eeprom_iap
     00000011  _gu8UART                           uart
     00000018  _bp                                _bp
     00000019  _vprintf_PARM_2                    vprintf
     00000022  _state_machine_PARM_2              main
     00000023  _state_machine_PARM_3              main
     00000024  _state_machine_PARM_4              main
     00000025  _printoutbuf_PARM_2                main
     00000028  _act_by_one_key_PARM_2             main
     0000002B  _act_by_one_key_PARM_3             main
     00000031  _send_ACK_PARM_2                   main
     00000034  _make_linefi_payload_PARM_2        main
     00000035  _make_linefi_payload_PARM_3        main
     00000036  _make_linefi_payload_PARM_4        main
     00000040  _gu16Cnt                           linefi_packet
     00000042  _cp_buf2linefipacket_PARM_2        linefi_packet
     00000045  _cp_buf2linefipacket_PARM_3        linefi_packet
     0000004D  _print_raw_packet_PARM_2           linefi_packet
     0000005D  __print_format_PARM_2              printf_large
     00000060  __print_format_PARM_3              printf_large
     00000063  __print_format_PARM_4              printf_large
ASxxxx Linker V03.00 + NoICE + sdld,  page 13.
Hexadecimal  [32-Bits]

Area                                    Addr        Size        Decimal Bytes (Attributes)
--------------------------------        ----        ----        ------- ----- ------------
OSEG                                0000001A    00000004 =           4. bytes (REL,OVR)

      Value  Global                              Global Defined In Module
      -----  --------------------------------   ------------------------
     0000001A  __divslong_PARM_2                  _divulong
     0000001A  __divulong_PARM_2                  _divulong
     0000001A  __gptrput_PARM_2                   _gptrput
     0000001A  __mulint_PARM_2                    _mulint
     0000001A  _crc8_PARM_2                       linefi_packet
     0000001A  _getstr_uart0_PARM_2               uart
     0000001A  _getstr_uart1_PARM_2               uart
     0000001A  _iap_cmd_PARM_2                    eeprom_iap
     0000001A  _state_switches_PARM_2             main
     0000001B  _crc8_PARM_3                       linefi_packet
     0000001B  _iap_cmd_PARM_3                    eeprom_iap
     0000001C  _iap_cmd_PARM_4                    eeprom_iap
     0000001D  _iap_cmd_PARM_5                    eeprom_iap

ASxxxx Linker V03.00 + NoICE + sdld,  page 14.
Hexadecimal  [32-Bits]

Area                                    Addr        Size        Decimal Bytes (Attributes)
--------------------------------        ----        ----        ------- ----- ------------
ISEG                                0000007D    00000006 =           6. bytes (REL,CON)

      Value  Global                              Global Defined In Module
      -----  --------------------------------   ------------------------
ASxxxx Linker V03.00 + NoICE + sdld,  page 15.
Hexadecimal  [32-Bits]

Area                                    Addr        Size        Decimal Bytes (Attributes)
--------------------------------        ----        ----        ------- ----- ------------
SSEG                                00000083    0000007D =         125. bytes (REL,OVR)

      Value  Global                              Global Defined In Module
      -----  --------------------------------   ------------------------
     00000083  __start__stack                     main

ASxxxx Linker V03.00 + NoICE + sdld,  page 16.
Hexadecimal  [32-Bits]

Area                                    Addr        Size        Decimal Bytes (Attributes)
--------------------------------        ----        ----        ------- ----- ------------
XSEG                                00000001    000001D3 =         467. bytes (REL,CON,XDATA)

      Value  Global                              Global Defined In Module
      -----  --------------------------------   ------------------------
D:   00000001  _gcUartInputMode                   main
D:   0000001C  _gpu8Data                          main
D:   00000030  _gpu8Data2                         main
D:   00000044  _gpu8RxBuf                         main
D:   00000054  _gu8RxBufCnt                       main
D:   00000055  _gu8MCRxBuf                        main
D:   00000056  _gu8PPambleCnt                     main
D:   00000057  _gu8PreambleCnt                    main
D:   00000058  _gu16TimeCnt                       main
D:   0000005A  _gu16TimeCntMilliSec               main
D:   0000005C  _gu8LineFiUpRxState                main
D:   0000005D  _gu8LineFiUpRxState4               main
D:   0000005E  _gpu32UartSpeed                    main
D:   00000118  _gpcTypeStr                        linefi_packet
D:   0000016C  _gu8BNFCnt                         uart
D:   0000016D  _gu8BFCnt                          uart
D:   0000016E  _gu8BNECnt                         uart
D:   0000016F  _gu8BECnt                          uart
D:   00000170  _gpc2B2MC                          uart
D:   00000174  _gpcMC22B                          uart
D:   00000184  _pu8UartRx0Buf                     uart
D:   00000194  _pu8UartTx0Buf                     uart
D:   000001A4  _pu8UartRx1Buf                     uart
D:   000001B4  _pu8UartTx1Buf                     uart
D:   000001C4  _gu8Rx0Size                        uart
D:   000001C5  _gu8Rx0RIdx                        uart
D:   000001C6  _gu8Rx0WIdx                        uart
D:   000001C7  _gu8Tx0Size                        uart
D:   000001C8  _gu8Tx0RIdx                        uart
D:   000001C9  _gu8Tx0WIdx                        uart
D:   000001CA  _gu8Rx1Size                        uart
D:   000001CB  _gu8Rx1RIdx                        uart
D:   000001CC  _gu8Rx1WIdx                        uart
D:   000001CD  _gu8Tx1Size                        uart
D:   000001CE  _gu8Tx1RIdx                        uart
D:   000001CF  _gu8Tx1WIdx                        uart
D:   000001D0  _gu8Uart0RCnt                      uart
D:   000001D1  _gu8Uart0TCnt                      uart
D:   000001D2  _gu8Uart1RCnt                      uart
D:   000001D3  _gu8Uart1TCnt                      uart

ASxxxx Linker V03.00 + NoICE + sdld,  page 17.
Hexadecimal  [32-Bits]

Area                                    Addr        Size        Decimal Bytes (Attributes)
--------------------------------        ----        ----        ------- ----- ------------
HOME                                00000000    00000081 =         129. bytes (REL,CON,CODE)

      Value  Global                              Global Defined In Module
      -----  --------------------------------   ------------------------
C:   0000007E  __sdcc_program_startup             main

ASxxxx Linker V03.00 + NoICE + sdld,  page 18.
Hexadecimal  [32-Bits]

Area                                    Addr        Size        Decimal Bytes (Attributes)
--------------------------------        ----        ----        ------- ----- ------------
GSINIT0                             00000081    00000003 =           3. bytes (REL,CON,CODE)

      Value  Global                              Global Defined In Module
      -----  --------------------------------   ------------------------
C:   00000081  __sdcc_gsinit_startup              

ASxxxx Linker V03.00 + NoICE + sdld,  page 19.
Hexadecimal  [32-Bits]

Area                                    Addr        Size        Decimal Bytes (Attributes)
--------------------------------        ----        ----        ------- ----- ------------
GSINIT2                             00000084    0000000A =          10. bytes (REL,CON,CODE)

      Value  Global                              Global Defined In Module
      -----  --------------------------------   ------------------------
ASxxxx Linker V03.00 + NoICE + sdld,  page 20.
Hexadecimal  [32-Bits]

Area                                    Addr        Size        Decimal Bytes (Attributes)
--------------------------------        ----        ----        ------- ----- ------------
GSINIT4                             0000008E    00000006 =           6. bytes (REL,CON,CODE)

      Value  Global                              Global Defined In Module
      -----  --------------------------------   ------------------------
C:   0000008E  __mcs51_genRAMCLEAR                

ASxxxx Linker V03.00 + NoICE + sdld,  page 21.
Hexadecimal  [32-Bits]

Area                                    Addr        Size        Decimal Bytes (Attributes)
--------------------------------        ----        ----        ------- ----- ------------
GSINIT                              00000094    00000466 =        1126. bytes (REL,CON,CODE)

      Value  Global                              Global Defined In Module
      -----  --------------------------------   ------------------------
ASxxxx Linker V03.00 + NoICE + sdld,  page 22.
Hexadecimal  [32-Bits]

Area                                    Addr        Size        Decimal Bytes (Attributes)
--------------------------------        ----        ----        ------- ----- ------------
GSFINAL                             000004FA    00000003 =           3. bytes (REL,CON,CODE)

      Value  Global                              Global Defined In Module
      -----  --------------------------------   ------------------------
ASxxxx Linker V03.00 + NoICE + sdld,  page 23.
Hexadecimal  [32-Bits]

Area                                    Addr        Size        Decimal Bytes (Attributes)
--------------------------------        ----        ----        ------- ----- ------------
CSEG                                000004FD    0000384B =       14411. bytes (REL,CON,CODE)

      Value  Global                              Global Defined In Module
      -----  --------------------------------   ------------------------
C:   000004FD  _print_esc                         main
C:   0000056C  _print_char                        main
C:   000005A7  _state_machine                     main
C:   00000671  _Timer0_ISR                        main
C:   000006A0  _pin_interrupt_isr                 main
C:   000006AA  _MODIFY_HIRC_166                   main
C:   000006F6  _disp_help                         main
C:   00000824  _gpio_setup                        main
C:   00000879  _state_switches                    main
C:   00000966  _printoutbuf                       main
C:   000009C4  _print_help                        main
C:   00000A97  _act_by_one_key                    main
C:   0000112D  _start_aloha                       main
C:   00001165  _send_ACK                          main
C:   000011BE  _make_linefi_payload               main
C:   00001269  _main                              main
C:   00001E7C  __sdcc_external_startup            Common
C:   00001E92  _Timer0_Delay100us                 Delay
C:   00001EC4  _Timer0_Delay1ms                   Delay
C:   00001EF6  _Timer1_Delay10ms                  Delay
C:   00001F28  _Timer2_Delay500us                 Delay
C:   00001F5D  _Timer3_Delay100ms                 Delay
C:   00001F99  _Timer3_Delay10us                  Delay
C:   00001FD5  _iap_cmd                           eeprom_iap
C:   0000204A  _Erase_APROM_Page                  eeprom_iap
C:   0000205E  _Write_APROM_BYTE                  eeprom_iap
C:   00002072  _read_bandgap_value                eeprom_iap
C:   000020CD  _read_uid                          eeprom_iap
C:   000020F6  _size_linefi_packet                linefi_packet
C:   00002111  _calc_crc_linefi_packet_packet     linefi_packet
C:   00002175  _add_crc_linefi_packet_packet      linefi_packet
C:   0000219D  _chk_crc_linefi_packet_packet      linefi_packet
C:   000021CF  _get_octet_from_linefi             linefi_packet
C:   000021D2  _send_octet_to_linefi              linefi_packet
C:   000021D5  _send_linefi_packet                linefi_packet
C:   00002343  _cp_buf2linefipacket               linefi_packet
C:   000024D5  _print_linefipacket                linefi_packet
C:   0000270D  _crc8                              linefi_packet
C:   0000273D  _print_raw_packet                  linefi_packet
C:   00002849  _sht75_crc_table                   linefi_packet
C:   00002949  _InitialUART0_Timer1               uart
C:   00002989  _InitialUART0_Timer3               uart
C:   000029DA  _InitialUART1_Timer3               uart
C:   00002A26  _set_linefi_uplink_speed           uart
C:   00002A29  _putchar                           uart
C:   00002A3F  _uart_setup                        uart
C:   00002A5B  _Uart0Tx_ISR                       uart
C:   00002AA6  _SerialPort0_ISR                   uart
C:   00002B33  _chkchar_uart0                     uart
C:   00002B3A  _getchar_uart0                     uart
ASxxxx Linker V03.00 + NoICE + sdld,  page 24.
Hexadecimal  [32-Bits]

Area                                    Addr        Size        Decimal Bytes (Attributes)
--------------------------------        ----        ----        ------- ----- ------------
CSEG                                000004FD    0000384B =       14411. bytes (REL,CON,CODE)

      Value  Global                              Global Defined In Module
      -----  --------------------------------   ------------------------
C:   00002B7F  _getstr_uart0                      uart
C:   00002BD9  _Uart1Tx_ISR                       uart
C:   00002C1F  _SerialPort1_ISR                   uart
C:   00002CAC  _chkchar_uart1                     uart
C:   00002CB3  _getchar_uart1                     uart
C:   00002CFA  _getstr_uart1                      uart
C:   00002D54  _putchar_uart0                     uart
C:   00002D8D  _putchar_uart1                     uart
C:   00002DED  _preamble                          uart
C:   00002DF6  _putchar_manchester                uart
C:   00002E80  _chk_manchester                    uart
C:   00002EB4  _conv_manchester2nibble            uart
C:   00002EDD  _printf_fast_f                     printf_fast_f
C:   0000335E  __divulong                         _divulong
C:   000033C3  fs_rshift_a                        _fsrshift
C:   00003406  __gptrput                          _gptrput
C:   00003430  _vprintf                           vprintf
C:   00003449  _printf                            vprintf
C:   0000350F  __print_format                     printf_large
C:   00003CF7  _strlen                            _strlen
C:   00003D0F  __mulint                           _mulint
C:   00003D0F  __mulint_dummy                     _mulint
C:   00003D2C  __gptrget                          _gptrget

ASxxxx Linker V03.00 + NoICE + sdld,  page 25.
Hexadecimal  [32-Bits]

Area                                    Addr        Size        Decimal Bytes (Attributes)
--------------------------------        ----        ----        ------- ----- ------------
CONST                               00003D48    00000895 =        2197. bytes (REL,CON,CODE)

      Value  Global                              Global Defined In Module
      -----  --------------------------------   ------------------------
ASxxxx Linker V03.00 + NoICE + sdld,  page 26.

Files Linked                              [ module(s) ]

obj/main.c.rel                            [  ]
obj/Common.c.rel                          [  ]
obj/Delay.c.rel                           [  ]
obj/eeprom_iap.c.rel                      [  ]
obj/linefi_packet.c.rel                   [  ]
obj/uart.c.rel                            [  ]


Libraries Linked                          [ object file ]

/usr/bin/../share/sdcc/lib/small/libsdcc.lib
                                          [ printf_fast_f.rel ]
/usr/bin/../share/sdcc/lib/small/liblong.lib
                                          [ _divulong.rel ]
/usr/bin/../share/sdcc/lib/small/mcs51.lib
                                          [ crtclear.rel ]
/usr/bin/../share/sdcc/lib/small/libfloat.lib
                                          [ _fsrshift.rel ]
/usr/bin/../share/sdcc/lib/small/libsdcc.lib
                                          [ _gptrput.rel ]
/usr/bin/../share/sdcc/lib/small/libsdcc.lib
                                          [ _bp.rel ]
/usr/bin/../share/sdcc/lib/small/libsdcc.lib
                                          [ vprintf.rel ]
/usr/bin/../share/sdcc/lib/small/libsdcc.lib
                                          [ printf_large.rel ]
/usr/bin/../share/sdcc/lib/small/libsdcc.lib
                                          [ _strlen.rel ]
/usr/bin/../share/sdcc/lib/small/libint.lib
                                          [ _mulint.rel ]
/usr/bin/../share/sdcc/lib/small/mcs51.lib
                                          [ crtstart.rel ]
/usr/bin/../share/sdcc/lib/small/libsdcc.lib
                                          [ _gptrget.rel ]

ASxxxx Linker V03.00 + NoICE + sdld,  page 27.

User Base Address Definitions

HOME = 0x0000
XSEG = 0x0001
PSEG = 0x0001
ISEG = 0x0000
BSEG = 0x0000

